// Jest Snapshot v1, https://goo.gl/fbAQLP

exports[`Storyshots Atoms/Skeleton Default 1`] = `
<div
  style={
    Object {
      "alignContent": "flex-start",
      "display": "flex",
      "flexDirection": "column",
      "flexWrap": "wrap",
      "gap": "10px 30px",
      "height": "100%",
      "justifyContent": "flex-start",
      "maxHeight": "auto",
    }
  }
>
  <div
    className="sc-kjnynt-0 eneJQj hasWidth"
    style={
      Object {
        "height": undefined,
        "width": 124,
      }
    }
  />
</div>
`;
